Microchip MPLAB XC8 Compiler V2.10 ()

Linker command line:

-W-3 --edf=C:\Program Files (x86)\Microchip\xc8\v2.10\pic\dat\en_msgs.txt \
  -cs -h+dist/default/production\loadpad.X.production.sym \
  --cmf=dist/default/production\loadpad.X.production.cmf -z -Q16F877A \
  -oC:\Users\USER\AppData\Local\Temp\sbjs.2 --defsym=__MPLAB_BUILD=1 \
  -Mdist/default/production/loadpad.X.production.map -E1 -ver=XC8 \
  --acfsm=1493 -ASTACK=0110h-016Fh -pstack=STACK -ACODE=00h-07FFhx4 \
  -ASTRCODE=00h-01FFFh -ASTRING=00h-0FFhx32 -ACONST=00h-0FFhx32 \
  -AENTRY=00h-0FFhx32 -ACOMMON=070h-07Fh -ABANK0=020h-06Fh \
  -ABANK1=0A0h-0EFh -ABANK2=0110h-016Fh -ABANK3=0190h-01EFh \
  -ARAM=020h-06Fh,0A0h-0EFh,0110h-016Fh,0190h-01EFh \
  -AABS1=020h-07Fh,0A0h-0EFh,0110h-016Fh,0190h-01EFh -ASFR0=00h-01Fh \
  -ASFR1=080h-09Fh -ASFR2=0100h-010Fh -ASFR3=0180h-018Fh \
  -preset_vec=00h,intentry,init,end_init -ppowerup=CODE -pcinit=CODE \
  -pfunctab=ENTRY -ACONFIG=02007h-02007h -pconfig=CONFIG -DCONFIG=2 \
  -AIDLOC=02000h-02003h -pidloc=IDLOC -DIDLOC=2 -AEEDATA=00h-0FFh/02100h \
  -peeprom_data=EEDATA -DEEDATA=2 -DCODE=2 -DSTRCODE=2 -DSTRING=2 -DCONST=2 \
  -DENTRY=2 -k C:\Users\USER\AppData\Local\Temp\sbjs.o \
  dist/default/production\loadpad.X.production.o 

Object code version is 3.11

Machine type is 16F877A



                Name                               Link     Load   Length Selector   Space Scale
C:\Users\USER\AppData\Local\Temp\sbjs.o
                end_init                              0        0        3        0       0
                config                             2007     2007        1     400E       0
dist/default/production\loadpad.X.production.o
                cinit                               7DB      7DB       25      FB6       0
                text36                             1968     1968       19     32D0       0
                text35                             1981     1981       22     3302       0
                text34                             1941     1941       10     3282       0
                text33                             1C61     1C61       73     38C2       0
                text32                             1DD4     1DD4       96     3BA8       0
                text31                             1A10     1A10       2C     3420       0
                text30                             1ACE     1ACE       3B     359C       0
                text29                             1951     1951       17     32A2       0
                text28                             1A69     1A69       31     34D2       0
                text27                             1B59     1B59       53     36B2       0
                text26                              808      808       9D     1010       0
                text25                             1BAC     1BAC       59     3758       0
                text24                             161D     161D      1E3     2C3A       0
                text23                             1936     1936        B     326C       0
                text22                              D78      D78      288     1AF0       0
                text21                             19C5     19C5       24     338A       0
                text20                             19E9     19E9       27     33D2       0
                text19                               B2       B2      361      164       0
                text18                             1F24     1F24       DC     3E48       0
                text17                               10       10       A2       20       0
                text16                             1CD4     1CD4       7C     39A8       0
                text15                             1E6A     1E6A       BA     3CD4       0
                text14                             1B09     1B09       50     3612       0
                text13                             1C05     1C05       5C     380A       0
                text12                             1007     1007       BF     200E       0
                text11                             10C6     10C6       E4     218C       0
                text10                              8A5      8A5      25D     114A       0
                text9                              12CA     12CA      178     2594       0
                text8                              1442     1442      1DB     2884       0
                text7                              11AA     11AA      120     2354       0
                text6                              1A3C     1A3C       2D     3478       0
                text5                              19A3     19A3       22     3346       0
                text4                              1D50     1D50       84     3AA0       0
                text3                               B02      B02      276     1604       0
                text2                                 3        3        D        0       0
                text1                              1A9A     1A9A       34     3534       0
                maintext                            413      413      3C8      826       0
                cstackBANK0                          20       20       50       20       1
                cstackCOMMON                         70       70        E       70       1
                cstackBANK1                          A0       A0       4D       A0       1
                dataBANK3                           19F      19F        2      190       1
                bssBANK3                            190      190        F      190       1
                bssBANK1                             ED       ED        2       A0       1
                strings                            1800     1800       DA     3000       0
                idataBANK3                          806      806        2     100C       0

TOTAL           Name                               Link     Load   Length     Space
        CLASS   STACK          

        CLASS   CODE           
                end_init                              0        0        3         0
                cinit                               7DB      7DB       25         0
                text36                             1968     1968       19         0
                text35                             1981     1981       22         0
                text34                             1941     1941       10         0
                text33                             1C61     1C61       73         0
                text32                             1DD4     1DD4       96         0
                text31                             1A10     1A10       2C         0
                text30                             1ACE     1ACE       3B         0
                text29                             1951     1951       17         0
                text28                             1A69     1A69       31         0
                text27                             1B59     1B59       53         0
                text26                              808      808       9D         0
                text25                             1BAC     1BAC       59         0
                text24                             161D     161D      1E3         0
                text23                             1936     1936        B         0
                text22                              D78      D78      288         0
                text21                             19C5     19C5       24         0
                text20                             19E9     19E9       27         0
                text19                               B2       B2      361         0
                text18                             1F24     1F24       DC         0
                text17                               10       10       A2         0
                text16                             1CD4     1CD4       7C         0
                text15                             1E6A     1E6A       BA         0
                text14                             1B09     1B09       50         0
                text13                             1C05     1C05       5C         0
                text12                             1007     1007       BF         0
                text11                             10C6     10C6       E4         0
                text10                              8A5      8A5      25D         0
                text9                              12CA     12CA      178         0
                text8                              1442     1442      1DB         0
                text7                              11AA     11AA      120         0
                text6                              1A3C     1A3C       2D         0
                text5                              19A3     19A3       22         0
                text4                              1D50     1D50       84         0
                text3                               B02      B02      276         0
                text2                                 3        3        D         0
                text1                              1A9A     1A9A       34         0
                maintext                            413      413      3C8         0
                idataBANK3                          806      806        2         0

        CLASS   STRCODE        

        CLASS   STRING         
                strings                            1800     1800       DA         0

        CLASS   CONST          

        CLASS   ENTRY          

        CLASS   COMMON         
                cstackCOMMON                         70       70        E         1

        CLASS   BANK0          
                cstackBANK0                          20       20       50         1

        CLASS   BANK1          
                cstackBANK1                          A0       A0       4D         1
                bssBANK1                             ED       ED        2         1

        CLASS   BANK2          

        CLASS   BANK3          
                dataBANK3                           19F      19F        2         1
                bssBANK3                            190      190        F         1

        CLASS   RAM            

        CLASS   ABS1           
                abs_s1                               7E       7E        2         1

        CLASS   SFR0           

        CLASS   SFR1           

        CLASS   SFR2           

        CLASS   SFR3           

        CLASS   CONFIG         
                config                             2007     2007        1         0

        CLASS   IDLOC          

        CLASS   EEDATA         



SEGMENTS        Name                           Load    Length   Top    Selector   Space  Class     Delta

                reset_vec                      000000  000010  000010         0       0  CODE        2
                cstackBANK0                    000020  000050  000070        20       1  BANK0       1
                text17                         000010  0000A2  0000B2        20       0  CODE        2
                cstackCOMMON                   000070  00000E  00007E        70       1  COMMON      1
                cstackBANK1                    0000A0  00004F  0000EF        A0       1  BANK1       1
                text19                         0000B2  000361  000413       164       0  CODE        2
                bssBANK3                       000190  000011  0001A1       190       1  BANK3       1
                maintext                       000413  0003C8  0007DB       826       0  CODE        2
                cinit                          0007DB  000025  000800       FB6       0  CODE        2
                idataBANK3                     000806  000002  000808      100C       0  CODE        2
                text26                         000808  00009D  0008A5      1010       0  CODE        2
                text10                         0008A5  00025D  000B02      114A       0  CODE        2
                text3                          000B02  000276  000D78      1604       0  CODE        2
                text22                         000D78  000288  001000      1AF0       0  CODE        2
                text12                         001007  0000BF  0010C6      200E       0  CODE        2
                text11                         0010C6  0000E4  0011AA      218C       0  CODE        2
                text7                          0011AA  000120  0012CA      2354       0  CODE        2
                text9                          0012CA  000178  001442      2594       0  CODE        2
                text8                          001442  0001DB  00161D      2884       0  CODE        2
                text24                         00161D  0001E3  001800      2C3A       0  CODE        2
                strings                        001800  0000DA  0018DA      3000       0  STRING      2
                text23                         001936  00000B  001941      326C       0  CODE        2
                text34                         001941  000010  001951      3282       0  CODE        2
                text29                         001951  000017  001968      32A2       0  CODE        2
                text36                         001968  000019  001981      32D0       0  CODE        2
                text35                         001981  000022  0019A3      3302       0  CODE        2
                text5                          0019A3  000022  0019C5      3346       0  CODE        2
                text21                         0019C5  000024  0019E9      338A       0  CODE        2
                text20                         0019E9  000027  001A10      33D2       0  CODE        2
                text31                         001A10  00002C  001A3C      3420       0  CODE        2
                text6                          001A3C  00002D  001A69      3478       0  CODE        2
                text28                         001A69  000031  001A9A      34D2       0  CODE        2
                text1                          001A9A  000034  001ACE      3534       0  CODE        2
                text30                         001ACE  00003B  001B09      359C       0  CODE        2
                text14                         001B09  000050  001B59      3612       0  CODE        2
                text27                         001B59  000053  001BAC      36B2       0  CODE        2
                text25                         001BAC  000059  001C05      3758       0  CODE        2
                text13                         001C05  00005C  001C61      380A       0  CODE        2
                text33                         001C61  000073  001CD4      38C2       0  CODE        2
                text16                         001CD4  00007C  001D50      39A8       0  CODE        2
                text4                          001D50  000084  001DD4      3AA0       0  CODE        2
                text32                         001DD4  000096  001E6A      3BA8       0  CODE        2
                text15                         001E6A  0000BA  001F24      3CD4       0  CODE        2
                text18                         001F24  0000DC  002000      3E48       0  CODE        2
                config                         002007  000001  002008      400E       0  CONFIG      2


UNUSED ADDRESS RANGES

        Name                Unused          Largest block    Delta
        BANK1            00EF-00EF              1           1
        BANK2            0110-016F             60           1
        BANK3            01A1-01EF             4F           1
        CODE             0800-0805              6           2
                         1000-1006              7
                         18DA-1935             5C
        CONST            0800-0805              6           2
                         1000-1006              7
                         18DA-1935             26
        EEDATA           2100-21FF            100           2
        ENTRY            0800-0805              6           2
                         1000-1006              7
                         18DA-1935             26
        IDLOC            2000-2003              4           2
        RAM              00EF-00EF              1           1
                         0110-016F             60
                         01A1-01EF             4F
        SFR0             0000-001F             20           1
        SFR1             0080-009F             20           1
        SFR2             0100-010F             10           1
        SFR3             0180-018F             10           1
        STACK            0110-016F             60           1
        STRCODE          0800-0805              6           2
                         1000-1006              7
                         18DA-1935             5C
        STRING           0800-0805              6           2
                         1000-1006              7
                         18DA-1935             26

                                  Symbol Table

?__Umul8_16                cstackCOMMON 0070
?___aldiv                  cstackCOMMON 0070
?___awmod                  cstackCOMMON 0070
?___fladd                  cstackBANK0  004D
?___fldiv                  cstackCOMMON 0070
?___flmul                  cstackBANK0  0033
?___flneg                  cstackCOMMON 0070
?___flsub                  cstackBANK0  0061
?___fltol                  cstackBANK0  0020
?___xxtofl                 cstackCOMMON 0070
?_eval_poly                cstackBANK0  0061
?_exp                      cstackBANK1  00AA
?_floor                    cstackBANK0  0061
?_frexp                    cstackBANK0  002C
?_ldexp                    cstackBANK1  00A4
?_log                      cstackBANK1  00A4
?_pow                      cstackBANK1  00B6
LCD_CURSOR@c               cstackCOMMON 0073
LCD_CURSOR@high4           cstackCOMMON 0077
LCD_CURSOR@low4            cstackCOMMON 0078
LCD_CURSOR@r               cstackCOMMON 0076
LCD_CURSOR@temp            cstackCOMMON 0079
LCD_SCROLL@dir             cstackCOMMON 0079
LCD_SCROLL@i               cstackCOMMON 007A
LCD_SCROLL@j               cstackCOMMON 007B
LCD_SCROLL@spd             cstackCOMMON 0073
LCD_SCROLL@ti              cstackCOMMON 0074
LCD_WRITE_CHAR@Data        cstackCOMMON 0075
LCD_WRITE_CHAR@High4       cstackCOMMON 0074
LCD_WRITE_CHAR@Low4        cstackCOMMON 0073
LCD_WRITE_NUM@i            cstackBANK1  00CC
LCD_WRITE_NUM@j            cstackBANK1  00DE
LCD_WRITE_NUM@k            cstackBANK1  00D8
LCD_WRITE_NUM@l            cstackBANK1  00DA
LCD_WRITE_NUM@m            cstackBANK1  00DC
LCD_WRITE_NUM@n            cstackBANK1  00E2
LCD_WRITE_STRING@j         cstackCOMMON 0077
LCD_WRITE_STRING@stringy   cstackCOMMON 0078
_EEADR                     (abs)        010D
_EECON1bits                (abs)        018C
_EECON2                    (abs)        018D
_EEDATA                    (abs)        010C
_GIE                       (abs)        005F
_LCD_CLR                   text2        0003
_LCD_CURSOR                text27       1B59
_LCD_INIT                  text33       1C61
_LCD_SCROLL                text32       1DD4
_LCD_WRITE_CHAR            text6        1A3C
_LCD_WRITE_NUM             text7        11AA
_LCD_WRITE_NUM$899         cstackBANK1  00D0
_LCD_WRITE_NUM$900         cstackBANK1  00D4
_LCD_WRITE_STRING          text5        19A3
_PORTA                     (abs)        0005
_PORTB                     (abs)        0006
_PORTC                     (abs)        0007
_PORTD                     (abs)        0008
_PORTE                     (abs)        0009
_RB0                       (abs)        0030
_RC4                       (abs)        003C
_RC5                       (abs)        003D
_RC6                       (abs)        003E
_RC7                       (abs)        003F
_RD0                       (abs)        0040
_RD1                       (abs)        0041
_RD2                       (abs)        0042
_RD3                       (abs)        0043
_RD4                       (abs)        0044
_RD5                       (abs)        0045
_TRISA                     (abs)        0085
_TRISB                     (abs)        0086
_TRISC                     (abs)        0087
_TRISD                     (abs)        0088
_TRISD4                    (abs)        0444
_TRISD5                    (abs)        0445
_WREN                      (abs)        0C62
__CFG_BOREN$OFF            (abs)        0000
__CFG_CP$OFF               (abs)        0000
__CFG_CPD$OFF              (abs)        0000
__CFG_FOSC$HS              (abs)        0000
__CFG_LVP$OFF              (abs)        0000
__CFG_PWRTE$OFF            (abs)        0000
__CFG_WDTE$OFF             (abs)        0000
__CFG_WRT$OFF              (abs)        0000
__Habs1                    abs1         0000
__Hbank0                   bank0        0000
__Hbank1                   bank1        0000
__Hbank2                   bank2        0000
__Hbank3                   bank3        0000
__HbssBANK1                bssBANK1     0000
__HbssBANK3                bssBANK3     0000
__Hcinit                   cinit        0800
__Hclrtext                 clrtext      0000
__Hcode                    code         0000
__Hcommon                  common       0000
__Hconfig                  config       2008
__HcstackBANK0             cstackBANK0  0000
__HcstackBANK1             cstackBANK1  0000
__HcstackCOMMON            cstackCOMMON 0000
__HdataBANK3               dataBANK3    0000
__Heeprom_data             eeprom_data  0000
__Hend_init                end_init     0003
__Hfunctab                 functab      0000
__HidataBANK3              idataBANK3   0000
__Hidloc                   idloc        0000
__Hinit                    init         0000
__Hintentry                intentry     0000
__Hmaintext                maintext     0000
__Hpowerup                 powerup      0000
__Hram                     ram          0000
__Hreset_vec               reset_vec    0000
__Hsfr0                    sfr0         0000
__Hsfr1                    sfr1         0000
__Hsfr2                    sfr2         0000
__Hsfr3                    sfr3         0000
__Hspace_0                 (abs)        2008
__Hspace_1                 (abs)        01A1
__Hspace_2                 (abs)        0000
__Hspace_3                 (abs)        0000
__Hstack                   stack        0000
__Hstrings                 strings      0000
__Htext                    text         0000
__Labs1                    abs1         0000
__Lbank0                   bank0        0000
__Lbank1                   bank1        0000
__Lbank2                   bank2        0000
__Lbank3                   bank3        0000
__LbssBANK1                bssBANK1     0000
__LbssBANK3                bssBANK3     0000
__Lcinit                   cinit        07DB
__Lclrtext                 clrtext      0000
__Lcode                    code         0000
__Lcommon                  common       0000
__Lconfig                  config       2007
__LcstackBANK0             cstackBANK0  0000
__LcstackBANK1             cstackBANK1  0000
__LcstackCOMMON            cstackCOMMON 0000
__LdataBANK3               dataBANK3    0000
__Leeprom_data             eeprom_data  0000
__Lend_init                end_init     0000
__Lfunctab                 functab      0000
__LidataBANK3              idataBANK3   0000
__Lidloc                   idloc        0000
__Linit                    init         0000
__Lintentry                intentry     0000
__Lmaintext                maintext     0000
__Lpowerup                 powerup      0000
__Lram                     ram          0000
__Lreset_vec               reset_vec    0000
__Lsfr0                    sfr0         0000
__Lsfr1                    sfr1         0000
__Lsfr2                    sfr2         0000
__Lsfr3                    sfr3         0000
__Lspace_0                 (abs)        0000
__Lspace_1                 (abs)        0000
__Lspace_2                 (abs)        0000
__Lspace_3                 (abs)        0000
__Lstack                   stack        0000
__Lstrings                 strings      0000
__Ltext                    text         0000
__S0                       (abs)        2008
__S1                       (abs)        01A1
__S2                       (abs)        0000
__S3                       (abs)        0000
__Umul8_16                 text20       19E9
__Umul8_16@multiplicand    cstackCOMMON 0070
__Umul8_16@multiplier      cstackCOMMON 0078
__Umul8_16@product         cstackCOMMON 0074
__Umul8_16@word_mpld       cstackCOMMON 0076
___aldiv                   text26       0808
___aldiv@counter           cstackBANK0  0020
___aldiv@dividend          cstackCOMMON 0074
___aldiv@divisor           cstackCOMMON 0070
___aldiv@quotient          cstackBANK0  0022
___aldiv@sign              cstackBANK0  0021
___awmod                   text25       1BAC
___awmod@counter           cstackCOMMON 0075
___awmod@dividend          cstackCOMMON 0072
___awmod@divisor           cstackCOMMON 0070
___awmod@sign              cstackCOMMON 0076
___fladd                   text22       0D78
___fladd@a                 cstackBANK0  0051
___fladd@aexp              cstackBANK0  005E
___fladd@b                 cstackBANK0  004D
___fladd@bexp              cstackBANK0  005F
___fladd@grs               cstackBANK0  0060
___fladd@signs             cstackBANK0  005D
___fldiv                   text24       161D
___fldiv@a                 cstackCOMMON 0070
___fldiv@aexp              cstackBANK0  002C
___fldiv@b                 cstackCOMMON 0074
___fldiv@bexp              cstackBANK0  002B
___fldiv@grs               cstackBANK0  0027
___fldiv@new_exp           cstackBANK0  0025
___fldiv@rem               cstackBANK0  0020
___fldiv@sign              cstackBANK0  0024
___fleq                    text14       1B09
___fleq@ff1                cstackBANK0  0020
___fleq@ff2                cstackBANK0  0024
___flge                    text17       0010
___flge@ff1                cstackCOMMON 0070
___flge@ff2                cstackCOMMON 0074
___flmul                   text19       00B2
___flmul@a                 cstackBANK0  0037
___flmul@aexp              cstackBANK0  0041
___flmul@b                 cstackBANK0  0033
___flmul@bexp              cstackBANK0  0046
___flmul@grs               cstackBANK0  0042
___flmul@prod              cstackBANK0  0047
___flmul@sign              cstackBANK0  0040
___flmul@temp              cstackBANK0  004B
___flneg                   text23       1936
___flneg@f1                cstackCOMMON 0070
___flsub                   text21       19C5
___flsub@a                 cstackBANK0  0061
___flsub@b                 cstackBANK0  0065
___fltol                   text16       1CD4
___fltol@exp1              cstackBANK0  002A
___fltol@f1                cstackBANK0  0020
___fltol@sign1             cstackBANK0  0029
___int_sp                  stack        0000
___latbits                 (abs)        0002
___sp                      stack        0000
___stackhi                 (abs)        0000
___stacklo                 (abs)        0000
___xxtofl                  text15       1E6A
___xxtofl@arg              cstackCOMMON 007A
___xxtofl@exp              cstackCOMMON 0079
___xxtofl@sign             cstackCOMMON 0078
___xxtofl@val              cstackCOMMON 0070
__end_of_LCD_CLR           text2        0010
__end_of_LCD_CURSOR        text27       1BAC
__end_of_LCD_INIT          text33       1CD4
__end_of_LCD_SCROLL        text32       1E6A
__end_of_LCD_WRITE_CHAR    text6        1A69
__end_of_LCD_WRITE_NUM     text7        12CA
__end_of_LCD_WRITE_STRING  text5        19C5
__end_of__Umul8_16         text20       1A10
__end_of___aldiv           text26       08A5
__end_of___awmod           text25       1C05
__end_of___fladd           text22       1000
__end_of___fldiv           text24       1800
__end_of___fleq            text14       1B59
__end_of___flge            text17       00B2
__end_of___flmul           text19       0413
__end_of___flneg           text23       1941
__end_of___flsub           text21       19E9
__end_of___fltol           text16       1D50
__end_of___xxtofl          text15       1F24
__end_of__initialization   cinit        07FC
__end_of__stringtab        strings      1806
__end_of_changePass        text30       1B09
__end_of_checkPass         text28       1A9A
__end_of_clock             text36       1981
__end_of_disp              text4        1DD4
__end_of_eval_poly         text18       2000
__end_of_exp               text10       0B02
__end_of_floor             text12       10C6
__end_of_frexp             text13       1C61
__end_of_keypadscan        text3        0D78
__end_of_lcd_cmd           text34       1951
__end_of_lcd_port          text35       19A3
__end_of_ldexp             text11       11AA
__end_of_log               text9        1442
__end_of_main              maintext     07DB
__end_of_pow               text8        161D
__end_of_read_eeprom       text29       1968
__end_of_reset             text1        1ACE
__end_of_write_eeprom      text31       1A3C
__end_ofexp@coeff          strings      182E
__end_oflog@coeff          strings      1852
__initialization           cinit        07DB
__pbssBANK1                bssBANK1     00ED
__pbssBANK3                bssBANK3     0190
__pcstackBANK0             cstackBANK0  0020
__pcstackBANK1             cstackBANK1  00A0
__pcstackCOMMON            cstackCOMMON 0070
__pdataBANK3               dataBANK3    019F
__pidataBANK3              idataBANK3   0806
__pmaintext                maintext     0413
__pstrings                 strings      1800
__ptext1                   text1        1A9A
__ptext10                  text10       08A5
__ptext11                  text11       10C6
__ptext12                  text12       1007
__ptext13                  text13       1C05
__ptext14                  text14       1B09
__ptext15                  text15       1E6A
__ptext16                  text16       1CD4
__ptext17                  text17       0010
__ptext18                  text18       1F24
__ptext19                  text19       00B2
__ptext2                   text2        0003
__ptext20                  text20       19E9
__ptext21                  text21       19C5
__ptext22                  text22       0D78
__ptext23                  text23       1936
__ptext24                  text24       161D
__ptext25                  text25       1BAC
__ptext26                  text26       0808
__ptext27                  text27       1B59
__ptext28                  text28       1A69
__ptext29                  text29       1951
__ptext3                   text3        0B02
__ptext30                  text30       1ACE
__ptext31                  text31       1A10
__ptext32                  text32       1DD4
__ptext33                  text33       1C61
__ptext34                  text34       1941
__ptext35                  text35       1981
__ptext36                  text36       1968
__ptext4                   text4        1D50
__ptext5                   text5        19A3
__ptext6                   text6        1A3C
__ptext7                   text7        11AA
__ptext8                   text8        1442
__ptext9                   text9        12CA
__size_of_LCD_CLR          (abs)        0000
__size_of_LCD_CURSOR       (abs)        0000
__size_of_LCD_INIT         (abs)        0000
__size_of_LCD_SCROLL       (abs)        0000
__size_of_LCD_WRITE_CHAR   (abs)        0000
__size_of_LCD_WRITE_NUM    (abs)        0000
__size_of_LCD_WRITE_STRING (abs)        0000
__size_of__Umul8_16        (abs)        0000
__size_of___aldiv          (abs)        0000
__size_of___awmod          (abs)        0000
__size_of___fladd          (abs)        0000
__size_of___fldiv          (abs)        0000
__size_of___fleq           (abs)        0000
__size_of___flge           (abs)        0000
__size_of___flmul          (abs)        0000
__size_of___flneg          (abs)        0000
__size_of___flsub          (abs)        0000
__size_of___fltol          (abs)        0000
__size_of___xxtofl         (abs)        0000
__size_of_changePass       (abs)        0000
__size_of_checkPass        (abs)        0000
__size_of_clock            (abs)        0000
__size_of_disp             (abs)        0000
__size_of_eval_poly        (abs)        0000
__size_of_exp              (abs)        0000
__size_of_floor            (abs)        0000
__size_of_frexp            (abs)        0000
__size_of_keypadscan       (abs)        0000
__size_of_lcd_cmd          (abs)        0000
__size_of_lcd_port         (abs)        0000
__size_of_ldexp            (abs)        0000
__size_of_log              (abs)        0000
__size_of_main             (abs)        0000
__size_of_pow              (abs)        0000
__size_of_read_eeprom      (abs)        0000
__size_of_reset            (abs)        0000
__size_of_write_eeprom     (abs)        0000
__stringbase               strings      1805
__stringtab                strings      1800
_changePass                text30       1ACE
_checkPass                 text28       1A69
_clock                     text36       1968
_col                       dataBANK3    01A0
_disp                      text4        1D50
_dob                       bssBANK3     0193
_errno                     bssBANK3     0190
_eval_poly                 text18       1F24
_exp                       text10       08A5
_exp$903                   cstackBANK1  00AF
_floor                     text12       1007
_frexp                     text13       1C05
_i                         bssBANK1     00ED
_key                       bssBANK1     00EE
_keypadscan                text3        0B02
_lcd_cmd                   text34       1941
_lcd_port                  text35       1981
_ldexp                     text11       10C6
_log                       text9        12CA
_main                      maintext     0413
_pass                      bssBANK3     0199
_pow                       text8        1442
_pow$901                   cstackBANK1  00BF
_pow$902                   cstackBANK1  00C3
_read_eeprom               text29       1951
_reset                     text1        1A9A
_row                       dataBANK3    019F
_safe                      bssBANK3     0192
_write_eeprom              text31       1A10
btemp                      (abs)        007E
changePass@j               cstackBANK0  0020
changePass@k               cstackBANK0  0021
changePass@newPass         cstackBANK0  0022
changePass@start           cstackCOMMON 0077
checkPass@checker          cstackCOMMON 0073
checkPass@k                cstackCOMMON 0075
checkPass@start            cstackCOMMON 0071
checkPass@val              cstackCOMMON 0074
disp@keyp                  cstackBANK1  00E8
end_of_initialization      cinit        07FC
eval_poly@d                cstackBANK0  0065
eval_poly@n                cstackBANK0  0066
eval_poly@res              cstackBANK1  00A0
eval_poly@x                cstackBANK0  0061
exp@coeff                  strings      1806
exp@exponent               cstackBANK1  00B3
exp@sign                   cstackBANK1  00B5
exp@x                      cstackBANK1  00AA
floor@expon                cstackBANK0  006A
floor@i                    cstackBANK0  0066
floor@x                    cstackBANK0  0061
frexp@eptr                 cstackBANK0  0030
frexp@value                cstackBANK0  002C
intlevel0                  functab      0000
intlevel1                  functab      0000
intlevel2                  functab      0000
intlevel3                  functab      0000
intlevel4                  functab      0000
intlevel5                  functab      0000
keypadscan@keypressed      cstackCOMMON 0073
lcd_cmd@DATA               cstackCOMMON 0072
lcd_port@DATA              cstackCOMMON 0070
ldexp@newexp               cstackBANK1  00A8
ldexp@value                cstackBANK1  00A4
log@coeff                  strings      182E
log@exponent               cstackBANK0  006E
log@x                      cstackBANK1  00A4
main@j                     cstackBANK1  00EC
pow@sign                   cstackBANK1  00C7
pow@x                      cstackBANK1  00B6
pow@y                      cstackBANK1  00BA
pow@yi                     cstackBANK1  00C8
read_eeprom@addr           cstackCOMMON 0070
reset_vec                  reset_vec    0000
start                      init         0000
start_initialization       cinit        07DB
write_eeprom@addr          cstackCOMMON 0070
write_eeprom@data          cstackCOMMON 0072
write_eeprom@gie_status    cstackCOMMON 0075
wtemp0                     (abs)        007E


FUNCTION INFORMATION:

 *************** function _main *****************
 Defined at:
		line 203 in file "loady.c"
 Parameters:    Size  Location     Type
		None
 Auto vars:     Size  Location     Type
  j               1   76[BANK1 ] char 
 Return value:  Size  Location     Type
                  1    wreg      void 
 Registers used:
		wreg, fsr0l, fsr0h, status,2, status,0, btemp+1, pclath, cstack
 Tracked objects:
		On entry : 
		On exit  : 
		Unchanged: 
 Data sizes:     COMMON   BANK0   BANK1   BANK3   BANK2
      Params:         0       0       0       0       0
      Locals:         0       0       1       0       0
      Temps:          0       0       3       0       0
      Totals:         0       0       4       0       0
Total ram usage:        4 bytes
 Hardware stack levels required when called:    7
 This function calls:
		_LCD_CLR
		_LCD_CURSOR
		_LCD_INIT
		_LCD_SCROLL
		_LCD_WRITE_STRING
		_changePass
		_checkPass
		_disp
		_keypadscan
		_read_eeprom
		_reset
 This function is called by:
		Startup code after reset
 This function uses a non-reentrant model


 *************** function _reset *****************
 Defined at:
		line 190 in file "loady.c"
 Parameters:    Size  Location     Type
		None
 Auto vars:     Size  Location     Type
		None
 Return value:  Size  Location     Type
                  1    wreg      void 
 Registers used:
		wreg, fsr0l, fsr0h, status,2, status,0, pclath, cstack
 Tracked objects:
		On entry : 
		On exit  : 
		Unchanged: 
 Data sizes:     COMMON   BANK0   BANK1   BANK3   BANK2
      Params:         0       0       0       0       0
      Locals:         0       0       0       0       0
      Temps:          1       0       0       0       0
      Totals:         1       0       0       0       0
Total ram usage:        1 bytes
 Hardware stack levels used:    1
 Hardware stack levels required when called:    3
 This function calls:
		_LCD_CLR
		_LCD_CURSOR
		_LCD_WRITE_STRING
 This function is called by:
		_main
 This function uses a non-reentrant model


 *************** function _LCD_CLR *****************
 Defined at:
		line 31 in file "./libcd.h"
 Parameters:    Size  Location     Type
		None
 Auto vars:     Size  Location     Type
		None
 Return value:  Size  Location     Type
                  1    wreg      void 
 Registers used:
		wreg, status,2, status,0, pclath, cstack
 Tracked objects:
		On entry : 
		On exit  : 
		Unchanged: 
 Data sizes:     COMMON   BANK0   BANK1   BANK3   BANK2
      Params:         0       0       0       0       0
      Locals:         0       0       0       0       0
      Temps:          0       0       0       0       0
      Totals:         0       0       0       0       0
Total ram usage:        0 bytes
 Hardware stack levels used:    1
 Hardware stack levels required when called:    2
 This function calls:
		_lcd_cmd
 This function is called by:
		_reset
		_main
 This function uses a non-reentrant model


 *************** function _keypadscan *****************
 Defined at:
		line 19 in file "loady.c"
 Parameters:    Size  Location     Type
		None
 Auto vars:     Size  Location     Type
  keypressed      1    3[COMMON] unsigned char 
 Return value:  Size  Location     Type
                  1    wreg      unsigned char 
 Registers used:
		wreg, status,2, status,0
 Tracked objects:
		On entry : 
		On exit  : 
		Unchanged: 
 Data sizes:     COMMON   BANK0   BANK1   BANK3   BANK2
      Params:         0       0       0       0       0
      Locals:         1       0       0       0       0
      Temps:          3       0       0       0       0
      Totals:         4       0       0       0       0
Total ram usage:        4 bytes
 Hardware stack levels used:    1
 This function calls:
		Nothing
 This function is called by:
		_main
 This function uses a non-reentrant model


 *************** function _disp *****************
 Defined at:
		line 145 in file "loady.c"
 Parameters:    Size  Location     Type
  keyp            1    wreg     unsigned char 
 Auto vars:     Size  Location     Type
  keyp            1   72[BANK1 ] unsigned char 
 Return value:  Size  Location     Type
                  1    wreg      void 
 Registers used:
		wreg, fsr0l, fsr0h, status,2, status,0, btemp+1, pclath, cstack
 Tracked objects:
		On entry : 
		On exit  : 
		Unchanged: 
 Data sizes:     COMMON   BANK0   BANK1   BANK3   BANK2
      Params:         0       0       0       0       0
      Locals:         0       0       1       0       0
      Temps:          0       0       4       0       0
      Totals:         0       0       5       0       0
Total ram usage:        5 bytes
 Hardware stack levels used:    1
 Hardware stack levels required when called:    6
 This function calls:
		_LCD_CURSOR
		_LCD_WRITE_NUM
		_LCD_WRITE_STRING
 This function is called by:
		_main
 This function uses a non-reentrant model


 *************** function _LCD_WRITE_STRING *****************
 Defined at:
		line 85 in file "./libcd.h"
 Parameters:    Size  Location     Type
  stringy         1    wreg     PTR unsigned char 
		 -> STR_16(15), STR_15(18), STR_14(14), STR_13(15), 
		 -> STR_12(15), STR_11(13), STR_10(32), STR_9(17), 
		 -> STR_8(18), STR_7(14), STR_6(15), STR_5(10), 
		 -> STR_4(8), STR_3(10), STR_2(2), STR_1(2), 
 Auto vars:     Size  Location     Type
  stringy         1    8[COMMON] PTR unsigned char 
		 -> STR_16(15), STR_15(18), STR_14(14), STR_13(15), 
		 -> STR_12(15), STR_11(13), STR_10(32), STR_9(17), 
		 -> STR_8(18), STR_7(14), STR_6(15), STR_5(10), 
		 -> STR_4(8), STR_3(10), STR_2(2), STR_1(2), 
  j               1    7[COMMON] unsigned char 
 Return value:  Size  Location     Type
                  1    wreg      void 
 Registers used:
		wreg, fsr0l, fsr0h, status,2, status,0, pclath, cstack
 Tracked objects:
		On entry : 
		On exit  : 
		Unchanged: 
 Data sizes:     COMMON   BANK0   BANK1   BANK3   BANK2
      Params:         0       0       0       0       0
      Locals:         2       0       0       0       0
      Temps:          1       0       0       0       0
      Totals:         3       0       0       0       0
Total ram usage:        3 bytes
 Hardware stack levels used:    1
 Hardware stack levels required when called:    2
 This function calls:
		_LCD_WRITE_CHAR
 This function is called by:
		_disp
		_reset
		_main
 This function uses a non-reentrant model


 *************** function _LCD_WRITE_CHAR *****************
 Defined at:
		line 74 in file "./libcd.h"
 Parameters:    Size  Location     Type
  Data            1    wreg     unsigned char 
 Auto vars:     Size  Location     Type
  Data            1    5[COMMON] unsigned char 
  High4           1    4[COMMON] unsigned char 
  Low4            1    3[COMMON] unsigned char 
 Return value:  Size  Location     Type
                  1    wreg      void 
 Registers used:
		wreg, status,2, status,0, pclath, cstack
 Tracked objects:
		On entry : 
		On exit  : 
		Unchanged: 
 Data sizes:     COMMON   BANK0   BANK1   BANK3   BANK2
      Params:         0       0       0       0       0
      Locals:         3       0       0       0       0
      Temps:          1       0       0       0       0
      Totals:         4       0       0       0       0
Total ram usage:        4 bytes
 Hardware stack levels used:    1
 Hardware stack levels required when called:    1
 This function calls:
		_clock
		_lcd_port
 This function is called by:
		_LCD_WRITE_STRING
 This function uses a non-reentrant model


 *************** function _LCD_WRITE_NUM *****************
 Defined at:
		line 92 in file "./libcd.h"
 Parameters:    Size  Location     Type
  i               4   44[BANK1 ] long 
 Auto vars:     Size  Location     Type
  j               4   62[BANK1 ] long 
  n               2   66[BANK1 ] int 
  m               2   60[BANK1 ] int 
  l               2   58[BANK1 ] int 
  k               2   56[BANK1 ] int 
 Return value:  Size  Location     Type
                  1    wreg      void 
 Registers used:
		wreg, fsr0l, fsr0h, status,2, status,0, btemp+1, pclath, cstack
 Tracked objects:
		On entry : 
		On exit  : 
		Unchanged: 
 Data sizes:     COMMON   BANK0   BANK1   BANK3   BANK2
      Params:         0       0       4       0       0
      Locals:         0       0      20       0       0
      Temps:          0       0       0       0       0
      Totals:         0       0      24       0       0
Total ram usage:       24 bytes
 Hardware stack levels used:    1
 Hardware stack levels required when called:    5
 This function calls:
		___aldiv
		___awmod
		___fltol
		___xxtofl
		_clock
		_lcd_port
		_pow
 This function is called by:
		_disp
 This function uses a non-reentrant model


 *************** function _pow *****************
 Defined at:
		line 5 in file "C:\Program Files (x86)\Microchip\xc8\v2.10\pic\sources\c90\common\pow.c"
 Parameters:    Size  Location     Type
  x               4   22[BANK1 ] void 
  y               4   26[BANK1 ] void 
 Auto vars:     Size  Location     Type
  yi              4   40[BANK1 ] unsigned long 
  sign            1   39[BANK1 ] unsigned char 
 Return value:  Size  Location     Type
                  4   22[BANK1 ] unsigned char 
 Registers used:
		wreg, fsr0l, fsr0h, status,2, status,0, btemp+1, pclath, cstack
 Tracked objects:
		On entry : 
		On exit  : 
		Unchanged: 
 Data sizes:     COMMON   BANK0   BANK1   BANK3   BANK2
      Params:         0       0       8       0       0
      Locals:         0       0      13       0       0
      Temps:          0       0       1       0       0
      Totals:         0       0      22       0       0
Total ram usage:       22 bytes
 Hardware stack levels used:    1
 Hardware stack levels required when called:    4
 This function calls:
		___fleq
		___flge
		___flmul
		___flneg
		___fltol
		___xxtofl
		_exp
		_log
 This function is called by:
		_LCD_WRITE_NUM
 This function uses a non-reentrant model


 *************** function _log *****************
 Defined at:
		line 5 in file "C:\Program Files (x86)\Microchip\xc8\v2.10\pic\sources\c90\common\log.c"
 Parameters:    Size  Location     Type
  x               4    4[BANK1 ] unsigned char 
 Auto vars:     Size  Location     Type
  exponent        2   78[BANK0 ] int 
 Return value:  Size  Location     Type
                  4    4[BANK1 ] int 
 Registers used:
		wreg, fsr0l, fsr0h, status,2, status,0, btemp+1, pclath, cstack
 Tracked objects:
		On entry : 
		On exit  : 
		Unchanged: 
 Data sizes:     COMMON   BANK0   BANK1   BANK3   BANK2
      Params:         0       0       4       0       0
      Locals:         0       2       0       0       0
      Temps:          0       1       0       0       0
      Totals:         0       3       4       0       0
Total ram usage:        7 bytes
 Hardware stack levels used:    1
 Hardware stack levels required when called:    3
 This function calls:
		___fladd
		___fleq
		___flge
		___flmul
		___xxtofl
		_eval_poly
		_frexp
 This function is called by:
		_pow
 This function uses a non-reentrant model


 *************** function _exp *****************
 Defined at:
		line 12 in file "C:\Program Files (x86)\Microchip\xc8\v2.10\pic\sources\c90\common\exp.c"
 Parameters:    Size  Location     Type
  x               4   10[BANK1 ] int 
 Auto vars:     Size  Location     Type
  exponent        2   19[BANK1 ] int 
  sign            1   21[BANK1 ] unsigned char 
 Return value:  Size  Location     Type
                  4   10[BANK1 ] unsigned char 
 Registers used:
		wreg, fsr0l, fsr0h, status,2, status,0, btemp+1, pclath, cstack
 Tracked objects:
		On entry : 
		On exit  : 
		Unchanged: 
 Data sizes:     COMMON   BANK0   BANK1   BANK3   BANK2
      Params:         0       0       4       0       0
      Locals:         0       0       7       0       0
      Temps:          0       0       1       0       0
      Totals:         0       0      12       0       0
Total ram usage:       12 bytes
 Hardware stack levels used:    1
 Hardware stack levels required when called:    3
 This function calls:
		___fldiv
		___fleq
		___flge
		___flmul
		___flneg
		___flsub
		___fltol
		___xxtofl
		_eval_poly
		_floor
		_ldexp
 This function is called by:
		_pow
 This function uses a non-reentrant model


 *************** function _ldexp *****************
 Defined at:
		line 277 in file "C:\Program Files (x86)\Microchip\xc8\v2.10\pic\sources\c90\common\frexp.c"
 Parameters:    Size  Location     Type
  value           4    4[BANK1 ] unsigned char 
  newexp          2    8[BANK1 ] int 
 Auto vars:     Size  Location     Type
		None
 Return value:  Size  Location     Type
                  4    4[BANK1 ] int 
 Registers used:
		wreg, status,2, status,0, btemp+1, pclath, cstack
 Tracked objects:
		On entry : 
		On exit  : 
		Unchanged: 
 Data sizes:     COMMON   BANK0   BANK1   BANK3   BANK2
      Params:         0       0       6       0       0
      Locals:         0       0       0       0       0
      Temps:          0       2       0       0       0
      Totals:         0       2       6       0       0
Total ram usage:        8 bytes
 Hardware stack levels used:    1
 Hardware stack levels required when called:    1
 This function calls:
		___fleq
		___flge
 This function is called by:
		_exp
 This function uses a non-reentrant model


 *************** function _floor *****************
 Defined at:
		line 13 in file "C:\Program Files (x86)\Microchip\xc8\v2.10\pic\sources\c90\common\floor.c"
 Parameters:    Size  Location     Type
  x               4   65[BANK0 ] int 
 Auto vars:     Size  Location     Type
  i               4   70[BANK0 ] int 
  expon           2   74[BANK0 ] int 
 Return value:  Size  Location     Type
                  4   65[BANK0 ] int 
 Registers used:
		wreg, fsr0l, fsr0h, status,2, status,0, btemp+1, pclath, cstack
 Tracked objects:
		On entry : 
		On exit  : 
		Unchanged: 
 Data sizes:     COMMON   BANK0   BANK1   BANK3   BANK2
      Params:         0       4       0       0       0
      Locals:         0       6       0       0       0
      Temps:          0       1       0       0       0
      Totals:         0      11       0       0       0
Total ram usage:       11 bytes
 Hardware stack levels used:    1
 Hardware stack levels required when called:    2
 This function calls:
		___fladd
		___flge
		___fltol
		___xxtofl
		_frexp
 This function is called by:
		_exp
 This function uses a non-reentrant model


 *************** function _frexp *****************
 Defined at:
		line 254 in file "C:\Program Files (x86)\Microchip\xc8\v2.10\pic\sources\c90\common\frexp.c"
 Parameters:    Size  Location     Type
  value           4   12[BANK0 ] int 
  eptr            1   16[BANK0 ] PTR int 
		 -> log@exponent(2), floor@expon(2), 
 Auto vars:     Size  Location     Type
		None
 Return value:  Size  Location     Type
                  4   12[BANK0 ] PTR int 
 Registers used:
		wreg, fsr0l, fsr0h, status,2, status,0, btemp+1, pclath, cstack
 Tracked objects:
		On entry : 
		On exit  : 
		Unchanged: 
 Data sizes:     COMMON   BANK0   BANK1   BANK3   BANK2
      Params:         0       5       0       0       0
      Locals:         0       0       0       0       0
      Temps:          0       2       0       0       0
      Totals:         0       7       0       0       0
Total ram usage:        7 bytes
 Hardware stack levels used:    1
 Hardware stack levels required when called:    1
 This function calls:
		___fleq
 This function is called by:
		_floor
		_log
 This function uses a non-reentrant model


 *************** function ___fleq *****************
 Defined at:
		line 4 in file "C:\Program Files (x86)\Microchip\xc8\v2.10\pic\sources\c90\common\fleq.c"
 Parameters:    Size  Location     Type
  ff1             4    0[BANK0 ] PTR int 
  ff2             4    4[BANK0 ] PTR int 
 Auto vars:     Size  Location     Type
		None
 Return value:  Size  Location     Type
		None               void
 Registers used:
		wreg, status,2, status,0
 Tracked objects:
		On entry : 
		On exit  : 
		Unchanged: 
 Data sizes:     COMMON   BANK0   BANK1   BANK3   BANK2
      Params:         0       8       0       0       0
      Locals:         0       0       0       0       0
      Temps:          0       4       0       0       0
      Totals:         0      12       0       0       0
Total ram usage:       12 bytes
 Hardware stack levels used:    1
 This function calls:
		Nothing
 This function is called by:
		_pow
		_exp
		_frexp
		_ldexp
		_log
 This function uses a non-reentrant model


 *************** function ___xxtofl *****************
 Defined at:
		line 10 in file "C:\Program Files (x86)\Microchip\xc8\v2.10\pic\sources\c90\common\xxtofl.c"
 Parameters:    Size  Location     Type
  sign            1    wreg     unsigned char 
  val             4    0[COMMON] long 
 Auto vars:     Size  Location     Type
  sign            1    8[COMMON] unsigned char 
  arg             4   10[COMMON] unsigned long 
  exp             1    9[COMMON] unsigned char 
 Return value:  Size  Location     Type
                  4    0[COMMON] unsigned char 
 Registers used:
		wreg, status,2, status,0
 Tracked objects:
		On entry : 
		On exit  : 
		Unchanged: 
 Data sizes:     COMMON   BANK0   BANK1   BANK3   BANK2
      Params:         4       0       0       0       0
      Locals:         6       0       0       0       0
      Temps:          4       0       0       0       0
      Totals:        14       0       0       0       0
Total ram usage:       14 bytes
 Hardware stack levels used:    1
 This function calls:
		Nothing
 This function is called by:
		_LCD_WRITE_NUM
		_pow
		_exp
		_floor
		_log
 This function uses a non-reentrant model


 *************** function ___fltol *****************
 Defined at:
		line 43 in file "C:\Program Files (x86)\Microchip\xc8\v2.10\pic\sources\c90\common\fltol.c"
 Parameters:    Size  Location     Type
  f1              4    0[BANK0 ] unsigned char 
 Auto vars:     Size  Location     Type
  exp1            1   10[BANK0 ] unsigned char 
  sign1           1    9[BANK0 ] unsigned char 
 Return value:  Size  Location     Type
                  4    0[BANK0 ] long 
 Registers used:
		wreg, status,2, status,0
 Tracked objects:
		On entry : 
		On exit  : 
		Unchanged: 
 Data sizes:     COMMON   BANK0   BANK1   BANK3   BANK2
      Params:         0       4       0       0       0
      Locals:         0       2       0       0       0
      Temps:          0       5       0       0       0
      Totals:         0      11       0       0       0
Total ram usage:       11 bytes
 Hardware stack levels used:    1
 This function calls:
		Nothing
 This function is called by:
		_LCD_WRITE_NUM
		_pow
		_exp
		_floor
 This function uses a non-reentrant model


 *************** function ___flge *****************
 Defined at:
		line 4 in file "C:\Program Files (x86)\Microchip\xc8\v2.10\pic\sources\c90\common\flge.c"
 Parameters:    Size  Location     Type
  ff1             4    0[COMMON] long 
  ff2             4    4[COMMON] long 
 Auto vars:     Size  Location     Type
		None
 Return value:  Size  Location     Type
		None               void
 Registers used:
		wreg, status,2, status,0
 Tracked objects:
		On entry : 
		On exit  : 
		Unchanged: 
 Data sizes:     COMMON   BANK0   BANK1   BANK3   BANK2
      Params:         8       0       0       0       0
      Locals:         0       0       0       0       0
      Temps:          4       0       0       0       0
      Totals:        12       0       0       0       0
Total ram usage:       12 bytes
 Hardware stack levels used:    1
 This function calls:
		Nothing
 This function is called by:
		_pow
		_exp
		_floor
		_ldexp
		_log
 This function uses a non-reentrant model


 *************** function _eval_poly *****************
 Defined at:
		line 4 in file "C:\Program Files (x86)\Microchip\xc8\v2.10\pic\sources\c90\common\evalpoly.c"
 Parameters:    Size  Location     Type
  x               4   65[BANK0 ] long 
  d               1   69[BANK0 ] PTR const 
		 -> log@coeff(36), exp@coeff(40), 
  n               2   70[BANK0 ] int 
 Auto vars:     Size  Location     Type
  res             4    0[BANK1 ] int 
 Return value:  Size  Location     Type
                  4   65[BANK0 ] int 
 Registers used:
		wreg, fsr0l, fsr0h, status,2, status,0, btemp+1, pclath, cstack
 Tracked objects:
		On entry : 
		On exit  : 
		Unchanged: 
 Data sizes:     COMMON   BANK0   BANK1   BANK3   BANK2
      Params:         0       7       0       0       0
      Locals:         0       0       4       0       0
      Temps:          0       5       0       0       0
      Totals:         0      12       4       0       0
Total ram usage:       16 bytes
 Hardware stack levels used:    1
 Hardware stack levels required when called:    2
 This function calls:
		___fladd
		___flmul
 This function is called by:
		_exp
		_log
 This function uses a non-reentrant model


 *************** function ___flmul *****************
 Defined at:
		line 8 in file "C:\Program Files (x86)\Microchip\xc8\v2.10\pic\sources\c90\common\sprcmul.c"
 Parameters:    Size  Location     Type
  b               4   19[BANK0 ] int 
  a               4   23[BANK0 ] int 
 Auto vars:     Size  Location     Type
  prod            4   39[BANK0 ] struct .
  grs             4   34[BANK0 ] unsigned long 
  temp            2   43[BANK0 ] struct .
  bexp            1   38[BANK0 ] unsigned char 
  aexp            1   33[BANK0 ] unsigned char 
  sign            1   32[BANK0 ] unsigned char 
 Return value:  Size  Location     Type
                  4   19[BANK0 ] unsigned char 
 Registers used:
		wreg, status,2, status,0, btemp+1, pclath, cstack
 Tracked objects:
		On entry : 
		On exit  : 
		Unchanged: 
 Data sizes:     COMMON   BANK0   BANK1   BANK3   BANK2
      Params:         0       8       0       0       0
      Locals:         0      13       0       0       0
      Temps:          0       5       0       0       0
      Totals:         0      26       0       0       0
Total ram usage:       26 bytes
 Hardware stack levels used:    1
 Hardware stack levels required when called:    1
 This function calls:
		__Umul8_16
 This function is called by:
		_pow
		_exp
		_log
		_eval_poly
 This function uses a non-reentrant model


 *************** function __Umul8_16 *****************
 Defined at:
		line 4 in file "C:\Program Files (x86)\Microchip\xc8\v2.10\pic\sources\c90\common\Umul8_16.c"
 Parameters:    Size  Location     Type
  multiplier      1    wreg     unsigned char 
  multiplicand    1    0[COMMON] unsigned char 
 Auto vars:     Size  Location     Type
  multiplier      1    8[COMMON] unsigned char 
  word_mpld       2    6[COMMON] unsigned int 
  product         2    4[COMMON] unsigned int 
 Return value:  Size  Location     Type
                  2    0[COMMON] unsigned int 
 Registers used:
		wreg, status,2, status,0
 Tracked objects:
		On entry : 
		On exit  : 
		Unchanged: 
 Data sizes:     COMMON   BANK0   BANK1   BANK3   BANK2
      Params:         2       0       0       0       0
      Locals:         5       0       0       0       0
      Temps:          2       0       0       0       0
      Totals:         9       0       0       0       0
Total ram usage:        9 bytes
 Hardware stack levels used:    1
 This function calls:
		Nothing
 This function is called by:
		___flmul
 This function uses a non-reentrant model


 *************** function ___flsub *****************
 Defined at:
		line 242 in file "C:\Program Files (x86)\Microchip\xc8\v2.10\pic\sources\c90\common\sprcadd.c"
 Parameters:    Size  Location     Type
  a               4   65[BANK0 ] unsigned int 
  b               4   69[BANK0 ] unsigned int 
 Auto vars:     Size  Location     Type
		None
 Return value:  Size  Location     Type
                  4   65[BANK0 ] unsigned int 
 Registers used:
		wreg, status,2, status,0, btemp+1, pclath, cstack
 Tracked objects:
		On entry : 
		On exit  : 
		Unchanged: 
 Data sizes:     COMMON   BANK0   BANK1   BANK3   BANK2
      Params:         0       8       0       0       0
      Locals:         0       0       0       0       0
      Temps:          0       0       0       0       0
      Totals:         0       8       0       0       0
Total ram usage:        8 bytes
 Hardware stack levels used:    1
 Hardware stack levels required when called:    1
 This function calls:
		___fladd
 This function is called by:
		_exp
 This function uses a non-reentrant model


 *************** function ___fladd *****************
 Defined at:
		line 10 in file "C:\Program Files (x86)\Microchip\xc8\v2.10\pic\sources\c90\common\sprcadd.c"
 Parameters:    Size  Location     Type
  b               4   45[BANK0 ] unsigned int 
  a               4   49[BANK0 ] unsigned int 
 Auto vars:     Size  Location     Type
  grs             1   64[BANK0 ] unsigned char 
  bexp            1   63[BANK0 ] unsigned char 
  aexp            1   62[BANK0 ] unsigned char 
  signs           1   61[BANK0 ] unsigned char 
 Return value:  Size  Location     Type
                  4   45[BANK0 ] unsigned char 
 Registers used:
		wreg, status,2, status,0, btemp+1
 Tracked objects:
		On entry : 
		On exit  : 
		Unchanged: 
 Data sizes:     COMMON   BANK0   BANK1   BANK3   BANK2
      Params:         0       8       0       0       0
      Locals:         0       4       0       0       0
      Temps:          0       8       0       0       0
      Totals:         0      20       0       0       0
Total ram usage:       20 bytes
 Hardware stack levels used:    1
 This function calls:
		Nothing
 This function is called by:
		___flsub
		_floor
		_log
		_eval_poly
 This function uses a non-reentrant model


 *************** function ___flneg *****************
 Defined at:
		line 15 in file "C:\Program Files (x86)\Microchip\xc8\v2.10\pic\sources\c90\common\flneg.c"
 Parameters:    Size  Location     Type
  f1              4    0[COMMON] unsigned char 
 Auto vars:     Size  Location     Type
		None
 Return value:  Size  Location     Type
                  4    0[COMMON] unsigned char 
 Registers used:
		wreg
 Tracked objects:
		On entry : 
		On exit  : 
		Unchanged: 
 Data sizes:     COMMON   BANK0   BANK1   BANK3   BANK2
      Params:         4       0       0       0       0
      Locals:         0       0       0       0       0
      Temps:          0       0       0       0       0
      Totals:         4       0       0       0       0
Total ram usage:        4 bytes
 Hardware stack levels used:    1
 This function calls:
		Nothing
 This function is called by:
		_pow
		_exp
 This function uses a non-reentrant model


 *************** function ___fldiv *****************
 Defined at:
		line 8 in file "C:\Program Files (x86)\Microchip\xc8\v2.10\pic\sources\c90\common\sprcdiv.c"
 Parameters:    Size  Location     Type
  a               4    0[COMMON] unsigned char 
  b               4    4[COMMON] unsigned char 
 Auto vars:     Size  Location     Type
  grs             4    7[BANK0 ] unsigned long 
  rem             4    0[BANK0 ] unsigned long 
  new_exp         2    5[BANK0 ] int 
  aexp            1   12[BANK0 ] unsigned char 
  bexp            1   11[BANK0 ] unsigned char 
  sign            1    4[BANK0 ] unsigned char 
 Return value:  Size  Location     Type
                  4    0[COMMON] unsigned char 
 Registers used:
		wreg, status,2, status,0, btemp+1
 Tracked objects:
		On entry : 
		On exit  : 
		Unchanged: 
 Data sizes:     COMMON   BANK0   BANK1   BANK3   BANK2
      Params:         8       0       0       0       0
      Locals:         0      13       0       0       0
      Temps:          5       0       0       0       0
      Totals:        13      13       0       0       0
Total ram usage:       26 bytes
 Hardware stack levels used:    1
 This function calls:
		Nothing
 This function is called by:
		_exp
 This function uses a non-reentrant model


 *************** function ___awmod *****************
 Defined at:
		line 5 in file "C:\Program Files (x86)\Microchip\xc8\v2.10\pic\sources\c90\common\awmod.c"
 Parameters:    Size  Location     Type
  divisor         2    0[COMMON] int 
  dividend        2    2[COMMON] int 
 Auto vars:     Size  Location     Type
  sign            1    6[COMMON] unsigned char 
  counter         1    5[COMMON] unsigned char 
 Return value:  Size  Location     Type
                  2    0[COMMON] int 
 Registers used:
		wreg, status,2, status,0
 Tracked objects:
		On entry : 
		On exit  : 
		Unchanged: 
 Data sizes:     COMMON   BANK0   BANK1   BANK3   BANK2
      Params:         4       0       0       0       0
      Locals:         2       0       0       0       0
      Temps:          1       0       0       0       0
      Totals:         7       0       0       0       0
Total ram usage:        7 bytes
 Hardware stack levels used:    1
 This function calls:
		Nothing
 This function is called by:
		_LCD_WRITE_NUM
 This function uses a non-reentrant model


 *************** function ___aldiv *****************
 Defined at:
		line 5 in file "C:\Program Files (x86)\Microchip\xc8\v2.10\pic\sources\c90\common\aldiv.c"
 Parameters:    Size  Location     Type
  divisor         4    0[COMMON] long 
  dividend        4    4[COMMON] long 
 Auto vars:     Size  Location     Type
  quotient        4    2[BANK0 ] long 
  sign            1    1[BANK0 ] unsigned char 
  counter         1    0[BANK0 ] unsigned char 
 Return value:  Size  Location     Type
                  4    0[COMMON] long 
 Registers used:
		wreg, status,2, status,0
 Tracked objects:
		On entry : 
		On exit  : 
		Unchanged: 
 Data sizes:     COMMON   BANK0   BANK1   BANK3   BANK2
      Params:         8       0       0       0       0
      Locals:         0       6       0       0       0
      Temps:          1       0       0       0       0
      Totals:         9       6       0       0       0
Total ram usage:       15 bytes
 Hardware stack levels used:    1
 This function calls:
		Nothing
 This function is called by:
		_LCD_WRITE_NUM
 This function uses a non-reentrant model


 *************** function _LCD_CURSOR *****************
 Defined at:
		line 35 in file "./libcd.h"
 Parameters:    Size  Location     Type
  r               1    wreg     unsigned char 
  c               1    3[COMMON] unsigned char 
 Auto vars:     Size  Location     Type
  r               1    6[COMMON] unsigned char 
  temp            1    9[COMMON] unsigned char 
  low4            1    8[COMMON] unsigned char 
  high4           1    7[COMMON] unsigned char 
 Return value:  Size  Location     Type
                  1    wreg      void 
 Registers used:
		wreg, status,2, status,0, pclath, cstack
 Tracked objects:
		On entry : 
		On exit  : 
		Unchanged: 
 Data sizes:     COMMON   BANK0   BANK1   BANK3   BANK2
      Params:         1       0       0       0       0
      Locals:         4       0       0       0       0
      Temps:          2       0       0       0       0
      Totals:         7       0       0       0       0
Total ram usage:        7 bytes
 Hardware stack levels used:    1
 Hardware stack levels required when called:    2
 This function calls:
		_lcd_cmd
 This function is called by:
		_disp
		_reset
		_main
 This function uses a non-reentrant model


 *************** function _checkPass *****************
 Defined at:
		line 165 in file "loady.c"
 Parameters:    Size  Location     Type
  checker         1    wreg     PTR unsigned char 
		 -> dob(6), pass(6), 
  start           1    1[COMMON] unsigned char 
 Auto vars:     Size  Location     Type
  checker         1    3[COMMON] PTR unsigned char 
		 -> dob(6), pass(6), 
  k               1    5[COMMON] unsigned char 
  val             1    4[COMMON] unsigned char 
 Return value:  Size  Location     Type
                  1    wreg      unsigned char 
 Registers used:
		wreg, fsr0l, fsr0h, status,2, status,0, pclath, cstack
 Tracked objects:
		On entry : 
		On exit  : 
		Unchanged: 
 Data sizes:     COMMON   BANK0   BANK1   BANK3   BANK2
      Params:         1       0       0       0       0
      Locals:         3       0       0       0       0
      Temps:          1       0       0       0       0
      Totals:         5       0       0       0       0
Total ram usage:        5 bytes
 Hardware stack levels used:    1
 Hardware stack levels required when called:    1
 This function calls:
		_read_eeprom
 This function is called by:
		_main
 This function uses a non-reentrant model


 *************** function _read_eeprom *****************
 Defined at:
		line 1 in file "./eeprom.h"
 Parameters:    Size  Location     Type
  addr            1    wreg     unsigned char 
 Auto vars:     Size  Location     Type
  addr            1    0[COMMON] unsigned char 
 Return value:  Size  Location     Type
                  1    wreg      unsigned char 
 Registers used:
		wreg
 Tracked objects:
		On entry : 
		On exit  : 
		Unchanged: 
 Data sizes:     COMMON   BANK0   BANK1   BANK3   BANK2
      Params:         0       0       0       0       0
      Locals:         1       0       0       0       0
      Temps:          0       0       0       0       0
      Totals:         1       0       0       0       0
Total ram usage:        1 bytes
 Hardware stack levels used:    1
 This function calls:
		Nothing
 This function is called by:
		_checkPass
		_main
 This function uses a non-reentrant model


 *************** function _changePass *****************
 Defined at:
		line 178 in file "loady.c"
 Parameters:    Size  Location     Type
  newPass         1    wreg     PTR unsigned char 
		 -> dob(6), pass(6), 
  start           1    7[COMMON] unsigned char 
 Auto vars:     Size  Location     Type
  newPass         1    2[BANK0 ] PTR unsigned char 
		 -> dob(6), pass(6), 
  k               1    1[BANK0 ] unsigned char 
  j               1    0[BANK0 ] unsigned char 
 Return value:  Size  Location     Type
                  1    wreg      void 
 Registers used:
		wreg, fsr0l, fsr0h, status,2, status,0, pclath, cstack
 Tracked objects:
		On entry : 
		On exit  : 
		Unchanged: 
 Data sizes:     COMMON   BANK0   BANK1   BANK3   BANK2
      Params:         1       0       0       0       0
      Locals:         0       3       0       0       0
      Temps:          4       0       0       0       0
      Totals:         5       3       0       0       0
Total ram usage:        8 bytes
 Hardware stack levels used:    1
 Hardware stack levels required when called:    1
 This function calls:
		_write_eeprom
 This function is called by:
		_main
 This function uses a non-reentrant model


 *************** function _write_eeprom *****************
 Defined at:
		line 8 in file "./eeprom.h"
 Parameters:    Size  Location     Type
  addr            2    0[COMMON] unsigned int 
  data            1    2[COMMON] unsigned char 
 Auto vars:     Size  Location     Type
  gie_status      2    5[COMMON] int 
 Return value:  Size  Location     Type
                  1    wreg      void 
 Registers used:
		wreg, status,0
 Tracked objects:
		On entry : 
		On exit  : 
		Unchanged: 
 Data sizes:     COMMON   BANK0   BANK1   BANK3   BANK2
      Params:         3       0       0       0       0
      Locals:         2       0       0       0       0
      Temps:          2       0       0       0       0
      Totals:         7       0       0       0       0
Total ram usage:        7 bytes
 Hardware stack levels used:    1
 This function calls:
		Nothing
 This function is called by:
		_changePass
 This function uses a non-reentrant model


 *************** function _LCD_SCROLL *****************
 Defined at:
		line 121 in file "./libcd.h"
 Parameters:    Size  Location     Type
  dir             1    wreg     unsigned char 
  spd             1    3[COMMON] unsigned char 
  ti              2    4[COMMON] int 
 Auto vars:     Size  Location     Type
  dir             1    9[COMMON] unsigned char 
  j               1   11[COMMON] unsigned char 
  i               1   10[COMMON] unsigned char 
 Return value:  Size  Location     Type
                  1    wreg      void 
 Registers used:
		wreg, status,2, status,0, pclath, cstack
 Tracked objects:
		On entry : 
		On exit  : 
		Unchanged: 
 Data sizes:     COMMON   BANK0   BANK1   BANK3   BANK2
      Params:         3       0       0       0       0
      Locals:         3       0       0       0       0
      Temps:          3       0       0       0       0
      Totals:         9       0       0       0       0
Total ram usage:        9 bytes
 Hardware stack levels used:    1
 Hardware stack levels required when called:    2
 This function calls:
		_lcd_cmd
 This function is called by:
		_main
 This function uses a non-reentrant model


 *************** function _LCD_INIT *****************
 Defined at:
		line 52 in file "./libcd.h"
 Parameters:    Size  Location     Type
		None
 Auto vars:     Size  Location     Type
		None
 Return value:  Size  Location     Type
                  1    wreg      void 
 Registers used:
		wreg, status,2, status,0, pclath, cstack
 Tracked objects:
		On entry : 
		On exit  : 
		Unchanged: 
 Data sizes:     COMMON   BANK0   BANK1   BANK3   BANK2
      Params:         0       0       0       0       0
      Locals:         0       0       0       0       0
      Temps:          2       0       0       0       0
      Totals:         2       0       0       0       0
Total ram usage:        2 bytes
 Hardware stack levels used:    1
 Hardware stack levels required when called:    2
 This function calls:
		_lcd_cmd
		_lcd_port
 This function is called by:
		_main
 This function uses a non-reentrant model


 *************** function _lcd_cmd *****************
 Defined at:
		line 26 in file "./libcd.h"
 Parameters:    Size  Location     Type
  DATA            1    wreg     unsigned char 
 Auto vars:     Size  Location     Type
  DATA            1    2[COMMON] unsigned char 
 Return value:  Size  Location     Type
                  1    wreg      void 
 Registers used:
		wreg, status,2, status,0, pclath, cstack
 Tracked objects:
		On entry : 
		On exit  : 
		Unchanged: 
 Data sizes:     COMMON   BANK0   BANK1   BANK3   BANK2
      Params:         0       0       0       0       0
      Locals:         1       0       0       0       0
      Temps:          0       0       0       0       0
      Totals:         1       0       0       0       0
Total ram usage:        1 bytes
 Hardware stack levels used:    1
 Hardware stack levels required when called:    1
 This function calls:
		_clock
		_lcd_port
 This function is called by:
		_LCD_CLR
		_LCD_CURSOR
		_LCD_INIT
		_LCD_SCROLL
 This function uses a non-reentrant model


 *************** function _lcd_port *****************
 Defined at:
		line 16 in file "./libcd.h"
 Parameters:    Size  Location     Type
  DATA            1    wreg     unsigned char 
 Auto vars:     Size  Location     Type
  DATA            1    0[COMMON] unsigned char 
 Return value:  Size  Location     Type
                  1    wreg      void 
 Registers used:
		wreg
 Tracked objects:
		On entry : 
		On exit  : 
		Unchanged: 
 Data sizes:     COMMON   BANK0   BANK1   BANK3   BANK2
      Params:         0       0       0       0       0
      Locals:         1       0       0       0       0
      Temps:          0       0       0       0       0
      Totals:         1       0       0       0       0
Total ram usage:        1 bytes
 Hardware stack levels used:    1
 This function calls:
		Nothing
 This function is called by:
		_lcd_cmd
		_LCD_INIT
		_LCD_WRITE_CHAR
		_LCD_WRITE_NUM
 This function uses a non-reentrant model


 *************** function _clock *****************
 Defined at:
		line 9 in file "./libcd.h"
 Parameters:    Size  Location     Type
		None
 Auto vars:     Size  Location     Type
		None
 Return value:  Size  Location     Type
                  1    wreg      void 
 Registers used:
		wreg
 Tracked objects:
		On entry : 
		On exit  : 
		Unchanged: 
 Data sizes:     COMMON   BANK0   BANK1   BANK3   BANK2
      Params:         0       0       0       0       0
      Locals:         0       0       0       0       0
      Temps:          2       0       0       0       0
      Totals:         2       0       0       0       0
Total ram usage:        2 bytes
 Hardware stack levels used:    1
 This function calls:
		Nothing
 This function is called by:
		_lcd_cmd
		_LCD_WRITE_CHAR
		_LCD_WRITE_NUM
 This function uses a non-reentrant model



MODULE INFORMATION

Module		Function		Class		Link	Load	Size
C:\Program Files (x86)\Microchip\xc8\v2.10\pic\sources\c90\common\fleq.c
		___fleq        		CODE           	1B09	0000	81

C:\Program Files (x86)\Microchip\xc8\v2.10\pic\sources\c90\common\fleq.c estimated size: 81

C:\Program Files (x86)\Microchip\xc8\v2.10\pic\sources\c90\common\log.c
		_log           		CODE           	12CA	0000	377

C:\Program Files (x86)\Microchip\xc8\v2.10\pic\sources\c90\common\log.c estimated size: 377

C:\Program Files (x86)\Microchip\xc8\v2.10\pic\sources\c90\common\fltol.c
		___fltol       		CODE           	1CD4	0000	125

C:\Program Files (x86)\Microchip\xc8\v2.10\pic\sources\c90\common\fltol.c estimated size: 125

C:\Program Files (x86)\Microchip\xc8\v2.10\pic\sources\c90\common\evalpoly.c
		_eval_poly     		CODE           	1F24	0000	221

C:\Program Files (x86)\Microchip\xc8\v2.10\pic\sources\c90\common\evalpoly.c estimated size: 221

C:\Program Files (x86)\Microchip\xc8\v2.10\pic\sources\c90\common\pow.c
		_pow           		CODE           	1442	0000	476

C:\Program Files (x86)\Microchip\xc8\v2.10\pic\sources\c90\common\pow.c estimated size: 476

C:\Program Files (x86)\Microchip\xc8\v2.10\pic\sources\c90\common\sprcmul.c
		___flmul       		CODE           	00B2	0000	866

C:\Program Files (x86)\Microchip\xc8\v2.10\pic\sources\c90\common\sprcmul.c estimated size: 866

C:\Program Files (x86)\Microchip\xc8\v2.10\pic\sources\c90\common\aldiv.c
		___aldiv       		CODE           	0808	0000	158

C:\Program Files (x86)\Microchip\xc8\v2.10\pic\sources\c90\common\aldiv.c estimated size: 158

C:\Program Files (x86)\Microchip\xc8\v2.10\pic\sources\c90\common\Umul8_16.c
		__Umul8_16     		CODE           	19E9	0000	40

C:\Program Files (x86)\Microchip\xc8\v2.10\pic\sources\c90\common\Umul8_16.c estimated size: 40

./eeprom.h
		_read_eeprom   		CODE           	1951	0000	24
		_write_eeprom  		CODE           	1A10	0000	45

./eeprom.h estimated size: 69

C:\Program Files (x86)\Microchip\xc8\v2.10\pic\sources\c90\common\sprcdiv.c
		___fldiv       		CODE           	161D	0000	484

C:\Program Files (x86)\Microchip\xc8\v2.10\pic\sources\c90\common\sprcdiv.c estimated size: 484

C:\Program Files (x86)\Microchip\xc8\v2.10\pic\sources\c90\common\flneg.c
		___flneg       		CODE           	1936	0000	12

C:\Program Files (x86)\Microchip\xc8\v2.10\pic\sources\c90\common\flneg.c estimated size: 12

C:\Program Files (x86)\Microchip\xc8\v2.10\pic\sources\c90\common\flge.c
		___flge        		CODE           	0010	0000	163

C:\Program Files (x86)\Microchip\xc8\v2.10\pic\sources\c90\common\flge.c estimated size: 163

C:\Program Files (x86)\Microchip\xc8\v2.10\pic\sources\c90\common\xxtofl.c
		___xxtofl      		CODE           	1E6A	0000	187

C:\Program Files (x86)\Microchip\xc8\v2.10\pic\sources\c90\common\xxtofl.c estimated size: 187

shared
		exp@coeff      		STRING         	1806	0000	41
		__stringtab    		STRING         	1800	0000	7
		__initialization		CODE           	07DB	0000	34
		log@coeff      		STRING         	182E	0000	37

shared estimated size: 119

C:\Program Files (x86)\Microchip\xc8\v2.10\pic\sources\c90\common\awmod.c
		___awmod       		CODE           	1BAC	0000	90

C:\Program Files (x86)\Microchip\xc8\v2.10\pic\sources\c90\common\awmod.c estimated size: 90

C:\Program Files (x86)\Microchip\xc8\v2.10\pic\sources\c90\common\exp.c
		_exp           		CODE           	08A5	0000	606

C:\Program Files (x86)\Microchip\xc8\v2.10\pic\sources\c90\common\exp.c estimated size: 606

./libcd.h
		_LCD_WRITE_CHAR		CODE           	1A3C	0000	46
		_LCD_INIT      		CODE           	1C61	0000	116
		_clock         		CODE           	1968	0000	26
		_lcd_cmd       		CODE           	1941	0000	17
		_LCD_SCROLL    		CODE           	1DD4	0000	151
		_LCD_CLR       		CODE           	0003	0000	14
		_LCD_CURSOR    		CODE           	1B59	0000	84
		_LCD_WRITE_STRING		CODE           	19A3	0000	35
		_lcd_port      		CODE           	1981	0000	35
		_LCD_WRITE_NUM 		CODE           	11AA	0000	289

./libcd.h estimated size: 813

C:\Program Files (x86)\Microchip\xc8\v2.10\pic\sources\c90\common\sprcadd.c
		___flsub       		CODE           	19C5	0000	37
		___fladd       		CODE           	0D78	0000	649

C:\Program Files (x86)\Microchip\xc8\v2.10\pic\sources\c90\common\sprcadd.c estimated size: 686

C:\Program Files (x86)\Microchip\xc8\v2.10\pic\sources\c90\common\frexp.c
		_ldexp         		CODE           	10C6	0000	229
		_frexp         		CODE           	1C05	0000	93

C:\Program Files (x86)\Microchip\xc8\v2.10\pic\sources\c90\common\frexp.c estimated size: 322

loady.c
		_reset         		CODE           	1A9A	0000	53
		_main          		CODE           	0413	0000	969
		_keypadscan    		CODE           	0B02	0000	631
		_changePass    		CODE           	1ACE	0000	60
		_checkPass     		CODE           	1A69	0000	50
		_disp          		CODE           	1D50	0000	133

loady.c estimated size: 1896

C:\Program Files (x86)\Microchip\xc8\v2.10\pic\sources\c90\common\floor.c
		_floor         		CODE           	1007	0000	192

C:\Program Files (x86)\Microchip\xc8\v2.10\pic\sources\c90\common\floor.c estimated size: 192

